Starting Arduino Mock Test...
Starting initial calibration profile...
Cooling [1/45] T=9.25199 °C  RH=99.9924 %  DP=8.24775 °C
Cooling [2/45] T=14.0037 °C  RH=98.8886 %  DP=12.8282 °C
Cooling [3/45] T=18.886 °C  RH=72.5736 %  DP=12.8426 °C
Cooling [4/45] T=12.3401 °C  RH=99.9977 %  DP=11.3366 °C
Cooling [5/45] T=13.1893 °C  RH=99.995 %  DP=12.1854 °C
Cooling [6/45] T=13.078 °C  RH=100 %  DP=12.0749 °C
Cooling [7/45] T=13.2722 °C  RH=99.991 %  DP=12.2677 °C
Cooling [8/45] T=12.8384 °C  RH=100 %  DP=11.8353 °C
Cooling [9/45] T=13.4812 °C  RH=99.9995 %  DP=12.478 °C
Cooling [10/45] T=13.0583 °C  RH=99.989 %  DP=12.0535 °C
Cooling [11/45] T=13.5836 °C  RH=99.9964 %  DP=12.5799 °C
Cooling [12/45] T=13.5533 °C  RH=99.998 %  DP=12.5499 °C
Cooling [13/45] T=13.7608 °C  RH=99.9943 %  DP=12.7568 °C
Cooling [14/45] T=13.6395 °C  RH=99.9988 %  DP=12.6362 °C
Cooling [15/45] T=13.8572 °C  RH=99.995 %  DP=12.8533 °C
Cooling [16/45] T=13.8849 °C  RH=99.8234 %  DP=12.8545 °C
Cooling [17/45] T=14.0577 °C  RH=98.7404 %  DP=12.859 °C
Cooling [18/45] T=14.0016 °C  RH=99.0452 %  DP=12.8505 °C
Cooling [19/45] T=14.1409 °C  RH=98.1068 %  DP=12.8428 °C
Cooling [20/45] T=14.3269 °C  RH=97.0336 %  DP=12.8587 °C
Cooling [21/45] T=13.8515 °C  RH=100.015 %  DP=12.8507 °C
Cooling [22/45] T=14.3733 °C  RH=96.6531 %  DP=12.8443 °C
Cooling [23/45] T=14.2469 °C  RH=97.4335 %  DP=12.8424 °C
Cooling [24/45] T=14.4302 °C  RH=96.345 %  DP=12.8518 °C
Cooling [25/45] T=14.6571 °C  RH=94.9709 %  DP=12.856 °C
Cooling [26/45] T=14.1228 °C  RH=98.2168 %  DP=12.842 °C
Cooling [27/45] T=13.9111 °C  RH=99.6985 %  DP=12.8615 °C
Cooling [28/45] T=14.8163 °C  RH=93.9835 %  DP=12.853 °C
Cooling [29/45] T=15.044 °C  RH=92.6522 %  DP=12.8588 °C
Cooling [30/45] T=14.4755 °C  RH=96.0438 %  DP=12.8486 °C
Heating [1/15] T=25.5074 °C  RH=49.9959 %  DP=14.3062 °C
Heating [2/15] T=25.4956 °C  RH=50.0181 %  DP=14.3023 °C
Heating [3/15] T=25.4728 °C  RH=50.0084 %  DP=14.2784 °C
Heating [4/15] T=25.4787 °C  RH=49.992 %  DP=14.2787 °C
Heating [5/15] T=25.4678 °C  RH=49.9975 %  DP=14.2704 °C
Heating [6/15] T=25.4418 °C  RH=50.0008 %  DP=14.2475 °C
Heating [7/15] T=25.4492 °C  RH=49.9771 %  DP=14.247 °C
Heating [8/15] T=25.465 °C  RH=49.9961 %  DP=14.2674 °C
Heating [9/15] T=25.4316 °C  RH=49.9883 %  DP=14.2343 °C
Heating [10/15] T=25.3996 °C  RH=49.9944 %  DP=14.2069 °C
Heating [11/15] T=25.3986 °C  RH=49.9975 %  DP=14.207 °C
Heating [12/15] T=25.3829 °C  RH=50.0025 %  DP=14.1941 °C
Heating [13/15] T=25.379 °C  RH=50.0013 %  DP=14.1902 °C
Heating [14/15] T=25.3734 °C  RH=49.9998 %  DP=14.1846 °C
Heating [15/15] T=25.3664 °C  RH=49.9974 %  DP=14.1774 °C
Total non-linear condensation effect: 0.149522 °C

=== Monte Carlo Results ===
Best CO2 factor: 0
Best SO2 factor: 0
Best NO2 factor: 0
Min Variance: 0.0273314 °C^2
Setup complete. Running loop for a while...
